errors 1
errors 2
54455151
65656544+6
65131554465
